node : node:internal
/modules/cjs/loader:
1404
At line:1 char:1
+ node 
bin/clawapi.js test 
claude > 
test_output.txt 
2>&1 ; type test_ou 
...
+ ~~~~~~~~~~~~~~~~~~
~~~~~~~~~~~~~~~~~~~~
~~~~~~~~~~~~~~~~
    + CategoryInfo  
            : NotS  
  pecified: (node   
 :internal/modul    
es/cjs/loader:1    
404:String) [],     
RemoteExceptio    n
    + FullyQualifie 
   dErrorId : Nati  
  veCommandError
 
  throw err;
  ^

Error: Cannot find 
module 'playwright'
Require stack:
- D:\Development\bro
wser\clawapi\src\cli
.js
- D:\Development\bro
wser\clawapi\bin\cla
wapi.js
    at Function._res
olveFilename (node:i
nternal/modules/cjs/
loader:1401:15)
    at 
defaultResolveImpl (
node:internal/module
s/cjs/loader:1057:19
)
    at resolveForCJS
WithHooks (node:inte
rnal/modules/cjs/loa
der:1062:22)
    at 
Function._load (node
:internal/modules/cj
s/loader:1211:37)
    at TracingChanne
l.traceSync (node:di
agnostics_channel:32
2:14)
    at 
wrapModuleLoad (node
:internal/modules/cj
s/loader:235:24)
    at 
Module.require (node
:internal/modules/cj
s/loader:1487:12)
    at require (node
:internal/modules/he
lpers:135:16)
    at 
Object.<anonymous> (
D:\Development\brows
er\clawapi\src\cli.j
s:4:22)
    at 
Module._compile (nod
e:internal/modules/c
js/loader:1730:14) {
  code: 
'MODULE_NOT_FOUND',
  requireStack: [
    'D:\\Development
\\browser\\clawapi\\
src\\cli.js',
    'D:\\Development
\\browser\\clawapi\\
bin\\clawapi.js'
  ]
}

Node.js v22.17.0
